

Working Directory = /root/201038012/First_Sem/project/learn/work
QoS Summary for ADC_SAR1
==========================================================================================
Metric                          generic         map             syn_opt         final          
==========================================================================================
Slack (ps):                       493             325             325             325
  R2R (ps):                       493             325             325             325
  I2R (ps):                       502             364             364             364
  R2O (ps):                       580             490             490             490
  I2O (ps):                  no_value        no_value        no_value        no_value
  CG  (ps):                  no_value        no_value        no_value        no_value
TNS (ps):                           0               0               0               0
  R2R (ps):                         0               0               0               0
  I2R (ps):                         0               0               0               0
  R2O (ps):                         0               0               0               0
  I2O (ps):                  no_value        no_value        no_value        no_value
  CG  (ps):                  no_value        no_value        no_value        no_value
Failing Paths:                      0               0               0               0
Cell Area:                      1,217             652             652             652
Total Cell Area:                1,217             652             652             652
Leaf Instances:                    96              64              64              64
Total Instances:                   96              64              64              64
Utilization (%):                 0.00            0.00            0.00            0.00
Tot. Net Length (um):        no_value        no_value        no_value        no_value
Avg. Net Length (um):        no_value        no_value        no_value        no_value
Route Overflow H (%):        no_value        no_value        no_value        no_value
Route Overflow V (%):        no_value        no_value        no_value        no_value
MBCI(%) (bits/gate) :            0.00            0.00            0.00            0.00
Norm Cong Hotspot Area:
  Max Cong:                  no_value        no_value        no_value        no_value
  Tot Cong:                  no_value        no_value        no_value        no_value
==========================================================================================
CPU  Runtime (h:m:s):        00:00:03        00:00:01        00:00:00        00:00:00
Real Runtime (h:m:s):        00:00:08        00:00:01        00:00:01        00:00:01
CPU  Elapsed (h:m:s):        00:00:06        00:00:07        00:00:07        00:00:07
Real Elapsed (h:m:s):        00:00:09        00:00:10        00:00:11        00:00:12
Memory (MB):                   711.90          713.54          713.54          713.54
==========================================================================================
==========================================================================================
Flow Settings:
==========================================================================================
Total Runtime (h:m:s): 00:00:11
Total Memory (MB):     713.54
Executable Version:    18.10-p003_1
==========================================================================================
Total Cell Area =  Cell Area + Physical Cell Area
Total Instances =  Leaf Instances + Physical Instances


